2026-05-30 17:48:03,531 - INFO - Initiate the data ingestion
2026-05-30 17:51:45,790 - INFO - Initiate the data ingestion
2026-05-30 17:51:59,606 - INFO - Performed train test split on the dataframe
2026-05-30 17:51:59,606 - INFO - Exited split_data_as_train_test method of Data_Ingestion class
2026-05-30 17:51:59,607 - INFO - Exporting train and test file path.
2026-05-30 17:51:59,680 - INFO - Exported train and test file path.
2026-05-30 17:51:59,680 - INFO - Data Initiation Completed
2026-05-30 17:51:59,709 - INFO - Initiate the data validation
2026-05-30 17:51:59,791 - INFO - Required number of columns:2
2026-05-30 17:51:59,792 - INFO - Data frame has columns:31
2026-05-30 17:51:59,792 - INFO - Required number of columns:2
2026-05-30 17:51:59,792 - INFO - Data frame has columns:31
2026-05-30 17:52:00,007 - INFO - Data Validation Completed
2026-05-30 17:52:00,008 - INFO - Initiate the data transformation
2026-05-30 17:52:00,008 - INFO - Entered initiate_data_transformation method of DataTransformation class
2026-05-30 17:52:00,008 - INFO - Starting data transformation
2026-05-30 17:52:00,042 - INFO - Entered get_data_trnasformer_object method of Transformation class
2026-05-30 17:52:00,042 - INFO - Initialise KNNImputer with {'missing_values': nan, 'n_neighbors': 3, 'weights': 'uniform'}
2026-05-30 17:52:00,072 - INFO - Entered the save_object method of MainUtils class
2026-05-30 17:52:00,077 - INFO - Exited the save_object method of MainUtils class
2026-05-30 17:52:00,077 - INFO - Entered the save_object method of MainUtils class
2026-05-30 17:52:00,081 - INFO - Exited the save_object method of MainUtils class
2026-05-30 17:52:00,081 - INFO - Data Transformation Completed
2026-05-30 17:52:00,082 - INFO - Initiate the model trainer
2026-05-30 17:56:40,748 - INFO - Entered the save_object method of MainUtils class
2026-05-30 17:56:40,749 - INFO - Exited the save_object method of MainUtils class
2026-05-30 17:56:40,750 - INFO - Entered the save_object method of MainUtils class
2026-05-30 17:56:40,782 - INFO - Exited the save_object method of MainUtils class
2026-05-30 17:56:40,782 - INFO - Model trainer artifact: ModelTrainerArtifact(trained_model_file_path='Artifacts\\05-30-2026-17-51-39\\model_trainer\\trained_model\\model.pkl', train_metric_artifact=ClassificationMetricArtifact(f1_score=0.9907904058293695, precision_score=0.9892886014551334, recall_score=0.9922967768092439), test_metric_artifact=ClassificationMetricArtifact(f1_score=0.974817221770918, precision_score=0.9693053311793215, recall_score=0.9803921568627451))
2026-05-30 17:56:40,785 - INFO - Model Trainer Completed
